Archive member included to satisfy reference by file (symbol)

c:/program files (x86)/atmel/studio/7.0/toolchain/avr8/avr8-gnu-toolchain/bin/../lib/gcc/avr/5.4.0/avr5\libgcc.a(_udivmodsi4.o)
                              ff.o (__udivmodsi4)
c:/program files (x86)/atmel/studio/7.0/toolchain/avr8/avr8-gnu-toolchain/bin/../lib/gcc/avr/5.4.0/avr5\libgcc.a(_exit.o)
                              C:/Program Files (x86)/Atmel/Studio/7.0/Packs/atmel/ATmega_DFP/1.7.374/gcc/dev/atmega328p/avr5/crtatmega328p.o (exit)
c:/program files (x86)/atmel/studio/7.0/toolchain/avr8/avr8-gnu-toolchain/bin/../lib/gcc/avr/5.4.0/avr5\libgcc.a(_tablejump2.o)
                              ff.o (__tablejump2__)
c:/program files (x86)/atmel/studio/7.0/toolchain/avr8/avr8-gnu-toolchain/bin/../lib/gcc/avr/5.4.0/avr5\libgcc.a(_copy_data.o)
                              ff.o (__do_copy_data)
c:/program files (x86)/atmel/studio/7.0/toolchain/avr8/avr8-gnu-toolchain/bin/../lib/gcc/avr/5.4.0/avr5\libgcc.a(_clear_bss.o)
                              ff.o (__do_clear_bss)
c:/program files (x86)/atmel/studio/7.0/toolchain/avr8/avr8-gnu-toolchain/bin/../lib/gcc/avr/5.4.0/avr5\libgcc.a(_umulhisi3.o)
                              ff.o (__umulhisi3)
c:/program files (x86)/atmel/studio/7.0/toolchain/avr8/avr8-gnu-toolchain/bin/../lib/gcc/avr/5.4.0/avr5\libgcc.a(_muluhisi3.o)
                              ff.o (__muluhisi3)

Allocating common symbols
Common symbol       size              file

fp                  0x20              SDcard.o
fs                  0x232             SDcard.o
data                0x200             main.o
calibData           0x21              main.o

Discarded input sections

 .data          0x00000000        0x0 C:/Program Files (x86)/Atmel/Studio/7.0/Packs/atmel/ATmega_DFP/1.7.374/gcc/dev/atmega328p/avr5/crtatmega328p.o
 .bss           0x00000000        0x0 C:/Program Files (x86)/Atmel/Studio/7.0/Packs/atmel/ATmega_DFP/1.7.374/gcc/dev/atmega328p/avr5/crtatmega328p.o
 .text          0x00000000        0x0 BME280.o
 .data          0x00000000        0x0 BME280.o
 .bss           0x00000000        0x0 BME280.o
 .text          0x00000000        0x0 BMI270.o
 .data          0x00000000        0x0 BMI270.o
 .bss           0x00000000        0x0 BMI270.o
 .text          0x00000000        0x0 ccsbcs_avr.o
 .data          0x00000000        0x0 ccsbcs_avr.o
 .bss           0x00000000        0x0 ccsbcs_avr.o
 .text          0x00000000        0x0 ff.o
 .data          0x00000000        0x0 ff.o
 .bss           0x00000000        0x0 ff.o
 .text.pick_lfn
                0x00000000       0xaa ff.o
 .text.get_fileinfo
                0x00000000      0x172 ff.o
 .text.dir_read
                0x00000000       0xfa ff.o
 .text.dir_remove
                0x00000000       0x96 ff.o
 .text.f_read   0x00000000      0x2f6 ff.o
 .text.putc_bfd
                0x00000000       0x86 ff.o
 .text.f_chdrive
                0x00000000       0x2e ff.o
 .text.f_chdir  0x00000000       0xb4 ff.o
 .text.f_getcwd
                0x00000000      0x226 ff.o
 .text.f_lseek  0x00000000      0x390 ff.o
 .text.f_opendir
                0x00000000       0xf0 ff.o
 .text.f_closedir
                0x00000000       0x18 ff.o
 .text.f_readdir
                0x00000000       0xc0 ff.o
 .text.f_stat   0x00000000       0x8e ff.o
 .text.f_getfree
                0x00000000      0x1de ff.o
 .text.f_truncate
                0x00000000      0x10e ff.o
 .text.f_unlink
                0x00000000      0x17c ff.o
 .text.f_mkdir  0x00000000      0x278 ff.o
 .text.f_chmod  0x00000000       0xa2 ff.o
 .text.f_rename
                0x00000000      0x1d4 ff.o
 .text.f_utime  0x00000000       0xaa ff.o
 .text.f_getlabel
                0x00000000      0x116 ff.o
 .text.f_setlabel
                0x00000000      0x24c ff.o
 .text.f_mkfs   0x00000000      0x9ca ff.o
 .text.f_gets   0x00000000       0xac ff.o
 .text.f_putc   0x00000000       0x88 ff.o
 .text.f_puts   0x00000000       0x9e ff.o
 .text.f_printf
                0x00000000      0x3bc ff.o
 .progmem.gcc_sw_table.f_printf
                0x00000000       0x2e ff.o
 .rodata.cst.2440
                0x00000000       0x16 ff.o
 .rodata.vst.2439
                0x00000000       0x16 ff.o
 .text          0x00000000        0x0 main.o
 .data          0x00000000        0x0 main.o
 .bss           0x00000000        0x0 main.o
 .text          0x00000000        0x0 mmc_avr.o
 .data          0x00000000        0x0 mmc_avr.o
 .bss           0x00000000        0x0 mmc_avr.o
 .text.disk_timerproc
                0x00000000       0x3a mmc_avr.o
 .text          0x00000000        0x0 my_I2C.o
 .data          0x00000000        0x0 my_I2C.o
 .bss           0x00000000        0x0 my_I2C.o
 .text          0x00000000        0x0 SDcard.o
 .data          0x00000000        0x0 SDcard.o
 .bss           0x00000000        0x0 SDcard.o
 .text          0x00000000        0x0 timer.o
 .data          0x00000000        0x0 timer.o
 .bss           0x00000000        0x0 timer.o
 .text          0x00000000        0x0 c:/program files (x86)/atmel/studio/7.0/toolchain/avr8/avr8-gnu-toolchain/bin/../lib/gcc/avr/5.4.0/avr5\libgcc.a(_udivmodsi4.o)
 .data          0x00000000        0x0 c:/program files (x86)/atmel/studio/7.0/toolchain/avr8/avr8-gnu-toolchain/bin/../lib/gcc/avr/5.4.0/avr5\libgcc.a(_udivmodsi4.o)
 .bss           0x00000000        0x0 c:/program files (x86)/atmel/studio/7.0/toolchain/avr8/avr8-gnu-toolchain/bin/../lib/gcc/avr/5.4.0/avr5\libgcc.a(_udivmodsi4.o)
 .text.libgcc.mul
                0x00000000        0x0 c:/program files (x86)/atmel/studio/7.0/toolchain/avr8/avr8-gnu-toolchain/bin/../lib/gcc/avr/5.4.0/avr5\libgcc.a(_udivmodsi4.o)
 .text.libgcc   0x00000000        0x0 c:/program files (x86)/atmel/studio/7.0/toolchain/avr8/avr8-gnu-toolchain/bin/../lib/gcc/avr/5.4.0/avr5\libgcc.a(_udivmodsi4.o)
 .text.libgcc.prologue
                0x00000000        0x0 c:/program files (x86)/atmel/studio/7.0/toolchain/avr8/avr8-gnu-toolchain/bin/../lib/gcc/avr/5.4.0/avr5\libgcc.a(_udivmodsi4.o)
 .text.libgcc.builtins
                0x00000000        0x0 c:/program files (x86)/atmel/studio/7.0/toolchain/avr8/avr8-gnu-toolchain/bin/../lib/gcc/avr/5.4.0/avr5\libgcc.a(_udivmodsi4.o)
 .text.libgcc.fmul
                0x00000000        0x0 c:/program files (x86)/atmel/studio/7.0/toolchain/avr8/avr8-gnu-toolchain/bin/../lib/gcc/avr/5.4.0/avr5\libgcc.a(_udivmodsi4.o)
 .text.libgcc.fixed
                0x00000000        0x0 c:/program files (x86)/atmel/studio/7.0/toolchain/avr8/avr8-gnu-toolchain/bin/../lib/gcc/avr/5.4.0/avr5\libgcc.a(_udivmodsi4.o)
 .text          0x00000000        0x0 c:/program files (x86)/atmel/studio/7.0/toolchain/avr8/avr8-gnu-toolchain/bin/../lib/gcc/avr/5.4.0/avr5\libgcc.a(_exit.o)
 .data          0x00000000        0x0 c:/program files (x86)/atmel/studio/7.0/toolchain/avr8/avr8-gnu-toolchain/bin/../lib/gcc/avr/5.4.0/avr5\libgcc.a(_exit.o)
 .bss           0x00000000        0x0 c:/program files (x86)/atmel/studio/7.0/toolchain/avr8/avr8-gnu-toolchain/bin/../lib/gcc/avr/5.4.0/avr5\libgcc.a(_exit.o)
 .text.libgcc.mul
                0x00000000        0x0 c:/program files (x86)/atmel/studio/7.0/toolchain/avr8/avr8-gnu-toolchain/bin/../lib/gcc/avr/5.4.0/avr5\libgcc.a(_exit.o)
 .text.libgcc.div
                0x00000000        0x0 c:/program files (x86)/atmel/studio/7.0/toolchain/avr8/avr8-gnu-toolchain/bin/../lib/gcc/avr/5.4.0/avr5\libgcc.a(_exit.o)
 .text.libgcc   0x00000000        0x0 c:/program files (x86)/atmel/studio/7.0/toolchain/avr8/avr8-gnu-toolchain/bin/../lib/gcc/avr/5.4.0/avr5\libgcc.a(_exit.o)
 .text.libgcc.prologue
                0x00000000        0x0 c:/program files (x86)/atmel/studio/7.0/toolchain/avr8/avr8-gnu-toolchain/bin/../lib/gcc/avr/5.4.0/avr5\libgcc.a(_exit.o)
 .text.libgcc.builtins
                0x00000000        0x0 c:/program files (x86)/atmel/studio/7.0/toolchain/avr8/avr8-gnu-toolchain/bin/../lib/gcc/avr/5.4.0/avr5\libgcc.a(_exit.o)
 .text.libgcc.fmul
                0x00000000        0x0 c:/program files (x86)/atmel/studio/7.0/toolchain/avr8/avr8-gnu-toolchain/bin/../lib/gcc/avr/5.4.0/avr5\libgcc.a(_exit.o)
 .text.libgcc.fixed
                0x00000000        0x0 c:/program files (x86)/atmel/studio/7.0/toolchain/avr8/avr8-gnu-toolchain/bin/../lib/gcc/avr/5.4.0/avr5\libgcc.a(_exit.o)
 .text          0x00000000        0x0 c:/program files (x86)/atmel/studio/7.0/toolchain/avr8/avr8-gnu-toolchain/bin/../lib/gcc/avr/5.4.0/avr5\libgcc.a(_tablejump2.o)
 .data          0x00000000        0x0 c:/program files (x86)/atmel/studio/7.0/toolchain/avr8/avr8-gnu-toolchain/bin/../lib/gcc/avr/5.4.0/avr5\libgcc.a(_tablejump2.o)
 .bss           0x00000000        0x0 c:/program files (x86)/atmel/studio/7.0/toolchain/avr8/avr8-gnu-toolchain/bin/../lib/gcc/avr/5.4.0/avr5\libgcc.a(_tablejump2.o)
 .text.libgcc.mul
                0x00000000        0x0 c:/program files (x86)/atmel/studio/7.0/toolchain/avr8/avr8-gnu-toolchain/bin/../lib/gcc/avr/5.4.0/avr5\libgcc.a(_tablejump2.o)
 .text.libgcc.div
                0x00000000        0x0 c:/program files (x86)/atmel/studio/7.0/toolchain/avr8/avr8-gnu-toolchain/bin/../lib/gcc/avr/5.4.0/avr5\libgcc.a(_tablejump2.o)
 .text.libgcc.prologue
                0x00000000        0x0 c:/program files (x86)/atmel/studio/7.0/toolchain/avr8/avr8-gnu-toolchain/bin/../lib/gcc/avr/5.4.0/avr5\libgcc.a(_tablejump2.o)
 .text.libgcc.builtins
                0x00000000        0x0 c:/program files (x86)/atmel/studio/7.0/toolchain/avr8/avr8-gnu-toolchain/bin/../lib/gcc/avr/5.4.0/avr5\libgcc.a(_tablejump2.o)
 .text.libgcc.fmul
                0x00000000        0x0 c:/program files (x86)/atmel/studio/7.0/toolchain/avr8/avr8-gnu-toolchain/bin/../lib/gcc/avr/5.4.0/avr5\libgcc.a(_tablejump2.o)
 .text.libgcc.fixed
                0x00000000        0x0 c:/program files (x86)/atmel/studio/7.0/toolchain/avr8/avr8-gnu-toolchain/bin/../lib/gcc/avr/5.4.0/avr5\libgcc.a(_tablejump2.o)
 .text          0x00000000        0x0 c:/program files (x86)/atmel/studio/7.0/toolchain/avr8/avr8-gnu-toolchain/bin/../lib/gcc/avr/5.4.0/avr5\libgcc.a(_copy_data.o)
 .data          0x00000000        0x0 c:/program files (x86)/atmel/studio/7.0/toolchain/avr8/avr8-gnu-toolchain/bin/../lib/gcc/avr/5.4.0/avr5\libgcc.a(_copy_data.o)
 .bss           0x00000000        0x0 c:/program files (x86)/atmel/studio/7.0/toolchain/avr8/avr8-gnu-toolchain/bin/../lib/gcc/avr/5.4.0/avr5\libgcc.a(_copy_data.o)
 .text.libgcc.mul
                0x00000000        0x0 c:/program files (x86)/atmel/studio/7.0/toolchain/avr8/avr8-gnu-toolchain/bin/../lib/gcc/avr/5.4.0/avr5\libgcc.a(_copy_data.o)
 .text.libgcc.div
                0x00000000        0x0 c:/program files (x86)/atmel/studio/7.0/toolchain/avr8/avr8-gnu-toolchain/bin/../lib/gcc/avr/5.4.0/avr5\libgcc.a(_copy_data.o)
 .text.libgcc   0x00000000        0x0 c:/program files (x86)/atmel/studio/7.0/toolchain/avr8/avr8-gnu-toolchain/bin/../lib/gcc/avr/5.4.0/avr5\libgcc.a(_copy_data.o)
 .text.libgcc.prologue
                0x00000000        0x0 c:/program files (x86)/atmel/studio/7.0/toolchain/avr8/avr8-gnu-toolchain/bin/../lib/gcc/avr/5.4.0/avr5\libgcc.a(_copy_data.o)
 .text.libgcc.builtins
                0x00000000        0x0 c:/program files (x86)/atmel/studio/7.0/toolchain/avr8/avr8-gnu-toolchain/bin/../lib/gcc/avr/5.4.0/avr5\libgcc.a(_copy_data.o)
 .text.libgcc.fmul
                0x00000000        0x0 c:/program files (x86)/atmel/studio/7.0/toolchain/avr8/avr8-gnu-toolchain/bin/../lib/gcc/avr/5.4.0/avr5\libgcc.a(_copy_data.o)
 .text.libgcc.fixed
                0x00000000        0x0 c:/program files (x86)/atmel/studio/7.0/toolchain/avr8/avr8-gnu-toolchain/bin/../lib/gcc/avr/5.4.0/avr5\libgcc.a(_copy_data.o)
 .text          0x00000000        0x0 c:/program files (x86)/atmel/studio/7.0/toolchain/avr8/avr8-gnu-toolchain/bin/../lib/gcc/avr/5.4.0/avr5\libgcc.a(_clear_bss.o)
 .data          0x00000000        0x0 c:/program files (x86)/atmel/studio/7.0/toolchain/avr8/avr8-gnu-toolchain/bin/../lib/gcc/avr/5.4.0/avr5\libgcc.a(_clear_bss.o)
 .bss           0x00000000        0x0 c:/program files (x86)/atmel/studio/7.0/toolchain/avr8/avr8-gnu-toolchain/bin/../lib/gcc/avr/5.4.0/avr5\libgcc.a(_clear_bss.o)
 .text.libgcc.mul
                0x00000000        0x0 c:/program files (x86)/atmel/studio/7.0/toolchain/avr8/avr8-gnu-toolchain/bin/../lib/gcc/avr/5.4.0/avr5\libgcc.a(_clear_bss.o)
 .text.libgcc.div
                0x00000000        0x0 c:/program files (x86)/atmel/studio/7.0/toolchain/avr8/avr8-gnu-toolchain/bin/../lib/gcc/avr/5.4.0/avr5\libgcc.a(_clear_bss.o)
 .text.libgcc   0x00000000        0x0 c:/program files (x86)/atmel/studio/7.0/toolchain/avr8/avr8-gnu-toolchain/bin/../lib/gcc/avr/5.4.0/avr5\libgcc.a(_clear_bss.o)
 .text.libgcc.prologue
                0x00000000        0x0 c:/program files (x86)/atmel/studio/7.0/toolchain/avr8/avr8-gnu-toolchain/bin/../lib/gcc/avr/5.4.0/avr5\libgcc.a(_clear_bss.o)
 .text.libgcc.builtins
                0x00000000        0x0 c:/program files (x86)/atmel/studio/7.0/toolchain/avr8/avr8-gnu-toolchain/bin/../lib/gcc/avr/5.4.0/avr5\libgcc.a(_clear_bss.o)
 .text.libgcc.fmul
                0x00000000        0x0 c:/program files (x86)/atmel/studio/7.0/toolchain/avr8/avr8-gnu-toolchain/bin/../lib/gcc/avr/5.4.0/avr5\libgcc.a(_clear_bss.o)
 .text.libgcc.fixed
                0x00000000        0x0 c:/program files (x86)/atmel/studio/7.0/toolchain/avr8/avr8-gnu-toolchain/bin/../lib/gcc/avr/5.4.0/avr5\libgcc.a(_clear_bss.o)
 .text          0x00000000        0x0 c:/program files (x86)/atmel/studio/7.0/toolchain/avr8/avr8-gnu-toolchain/bin/../lib/gcc/avr/5.4.0/avr5\libgcc.a(_umulhisi3.o)
 .data          0x00000000        0x0 c:/program files (x86)/atmel/studio/7.0/toolchain/avr8/avr8-gnu-toolchain/bin/../lib/gcc/avr/5.4.0/avr5\libgcc.a(_umulhisi3.o)
 .bss           0x00000000        0x0 c:/program files (x86)/atmel/studio/7.0/toolchain/avr8/avr8-gnu-toolchain/bin/../lib/gcc/avr/5.4.0/avr5\libgcc.a(_umulhisi3.o)
 .text.libgcc.div
                0x00000000        0x0 c:/program files (x86)/atmel/studio/7.0/toolchain/avr8/avr8-gnu-toolchain/bin/../lib/gcc/avr/5.4.0/avr5\libgcc.a(_umulhisi3.o)
 .text.libgcc   0x00000000        0x0 c:/program files (x86)/atmel/studio/7.0/toolchain/avr8/avr8-gnu-toolchain/bin/../lib/gcc/avr/5.4.0/avr5\libgcc.a(_umulhisi3.o)
 .text.libgcc.prologue
                0x00000000        0x0 c:/program files (x86)/atmel/studio/7.0/toolchain/avr8/avr8-gnu-toolchain/bin/../lib/gcc/avr/5.4.0/avr5\libgcc.a(_umulhisi3.o)
 .text.libgcc.builtins
                0x00000000        0x0 c:/program files (x86)/atmel/studio/7.0/toolchain/avr8/avr8-gnu-toolchain/bin/../lib/gcc/avr/5.4.0/avr5\libgcc.a(_umulhisi3.o)
 .text.libgcc.fmul
                0x00000000        0x0 c:/program files (x86)/atmel/studio/7.0/toolchain/avr8/avr8-gnu-toolchain/bin/../lib/gcc/avr/5.4.0/avr5\libgcc.a(_umulhisi3.o)
 .text.libgcc.fixed
                0x00000000        0x0 c:/program files (x86)/atmel/studio/7.0/toolchain/avr8/avr8-gnu-toolchain/bin/../lib/gcc/avr/5.4.0/avr5\libgcc.a(_umulhisi3.o)
 .text          0x00000000        0x0 c:/program files (x86)/atmel/studio/7.0/toolchain/avr8/avr8-gnu-toolchain/bin/../lib/gcc/avr/5.4.0/avr5\libgcc.a(_muluhisi3.o)
 .data          0x00000000        0x0 c:/program files (x86)/atmel/studio/7.0/toolchain/avr8/avr8-gnu-toolchain/bin/../lib/gcc/avr/5.4.0/avr5\libgcc.a(_muluhisi3.o)
 .bss           0x00000000        0x0 c:/program files (x86)/atmel/studio/7.0/toolchain/avr8/avr8-gnu-toolchain/bin/../lib/gcc/avr/5.4.0/avr5\libgcc.a(_muluhisi3.o)
 .text.libgcc.div
                0x00000000        0x0 c:/program files (x86)/atmel/studio/7.0/toolchain/avr8/avr8-gnu-toolchain/bin/../lib/gcc/avr/5.4.0/avr5\libgcc.a(_muluhisi3.o)
 .text.libgcc   0x00000000        0x0 c:/program files (x86)/atmel/studio/7.0/toolchain/avr8/avr8-gnu-toolchain/bin/../lib/gcc/avr/5.4.0/avr5\libgcc.a(_muluhisi3.o)
 .text.libgcc.prologue
                0x00000000        0x0 c:/program files (x86)/atmel/studio/7.0/toolchain/avr8/avr8-gnu-toolchain/bin/../lib/gcc/avr/5.4.0/avr5\libgcc.a(_muluhisi3.o)
 .text.libgcc.builtins
                0x00000000        0x0 c:/program files (x86)/atmel/studio/7.0/toolchain/avr8/avr8-gnu-toolchain/bin/../lib/gcc/avr/5.4.0/avr5\libgcc.a(_muluhisi3.o)
 .text.libgcc.fmul
                0x00000000        0x0 c:/program files (x86)/atmel/studio/7.0/toolchain/avr8/avr8-gnu-toolchain/bin/../lib/gcc/avr/5.4.0/avr5\libgcc.a(_muluhisi3.o)
 .text.libgcc.fixed
                0x00000000        0x0 c:/program files (x86)/atmel/studio/7.0/toolchain/avr8/avr8-gnu-toolchain/bin/../lib/gcc/avr/5.4.0/avr5\libgcc.a(_muluhisi3.o)

Memory Configuration

Name             Origin             Length             Attributes
text             0x00000000         0x00008000         xr
data             0x00800100         0x00000800         rw !x
eeprom           0x00810000         0x00000400         rw !x
fuse             0x00820000         0x00000003         rw !x
lock             0x00830000         0x00000400         rw !x
signature        0x00840000         0x00000400         rw !x
user_signatures  0x00850000         0x00000400         rw !x
*default*        0x00000000         0xffffffff

Linker script and memory map

Address of section .data set to 0x800100
LOAD C:/Program Files (x86)/Atmel/Studio/7.0/Packs/atmel/ATmega_DFP/1.7.374/gcc/dev/atmega328p/avr5/crtatmega328p.o
LOAD BME280.o
LOAD BMI270.o
LOAD ccsbcs_avr.o
LOAD ff.o
LOAD main.o
LOAD mmc_avr.o
LOAD my_I2C.o
LOAD SDcard.o
LOAD timer.o
START GROUP
LOAD c:/program files (x86)/atmel/studio/7.0/toolchain/avr8/avr8-gnu-toolchain/bin/../lib/gcc/avr/5.4.0/../../../../avr/lib/avr5\libm.a
END GROUP
START GROUP
LOAD c:/program files (x86)/atmel/studio/7.0/toolchain/avr8/avr8-gnu-toolchain/bin/../lib/gcc/avr/5.4.0/avr5\libgcc.a
LOAD c:/program files (x86)/atmel/studio/7.0/toolchain/avr8/avr8-gnu-toolchain/bin/../lib/gcc/avr/5.4.0/../../../../avr/lib/avr5\libm.a
LOAD c:/program files (x86)/atmel/studio/7.0/toolchain/avr8/avr8-gnu-toolchain/bin/../lib/gcc/avr/5.4.0/../../../../avr/lib/avr5\libc.a
LOAD C:/Program Files (x86)/Atmel/Studio/7.0/Packs/atmel/ATmega_DFP/1.7.374/gcc/dev/atmega328p/avr5\libatmega328p.a
END GROUP
                0x00000000                __TEXT_REGION_ORIGIN__ = DEFINED (__TEXT_REGION_ORIGIN__)?__TEXT_REGION_ORIGIN__:0x0
                [0x00800100]                __DATA_REGION_ORIGIN__ = DEFINED (__DATA_REGION_ORIGIN__)?__DATA_REGION_ORIGIN__:0x800060
                [0x00008000]                __TEXT_REGION_LENGTH__ = DEFINED (__TEXT_REGION_LENGTH__)?__TEXT_REGION_LENGTH__:0x20000
                [0x00000800]                __DATA_REGION_LENGTH__ = DEFINED (__DATA_REGION_LENGTH__)?__DATA_REGION_LENGTH__:0xffa0
                [0x00000400]                __EEPROM_REGION_LENGTH__ = DEFINED (__EEPROM_REGION_LENGTH__)?__EEPROM_REGION_LENGTH__:0x10000
                [0x00000003]                __FUSE_REGION_LENGTH__ = DEFINED (__FUSE_REGION_LENGTH__)?__FUSE_REGION_LENGTH__:0x400
                0x00000400                __LOCK_REGION_LENGTH__ = DEFINED (__LOCK_REGION_LENGTH__)?__LOCK_REGION_LENGTH__:0x400
                0x00000400                __SIGNATURE_REGION_LENGTH__ = DEFINED (__SIGNATURE_REGION_LENGTH__)?__SIGNATURE_REGION_LENGTH__:0x400
                0x00000400                __USER_SIGNATURE_REGION_LENGTH__ = DEFINED (__USER_SIGNATURE_REGION_LENGTH__)?__USER_SIGNATURE_REGION_LENGTH__:0x400

.hash
 *(.hash)

.dynsym
 *(.dynsym)

.dynstr
 *(.dynstr)

.gnu.version
 *(.gnu.version)

.gnu.version_d
 *(.gnu.version_d)

.gnu.version_r
 *(.gnu.version_r)

.rel.init
 *(.rel.init)

.rela.init
 *(.rela.init)

.rel.text
 *(.rel.text)
 *(.rel.text.*)
 *(.rel.gnu.linkonce.t*)

.rela.text
 *(.rela.text)
 *(.rela.text.*)
 *(.rela.gnu.linkonce.t*)

.rel.fini
 *(.rel.fini)

.rela.fini
 *(.rela.fini)

.rel.rodata
 *(.rel.rodata)
 *(.rel.rodata.*)
 *(.rel.gnu.linkonce.r*)

.rela.rodata
 *(.rela.rodata)
 *(.rela.rodata.*)
 *(.rela.gnu.linkonce.r*)

.rel.data
 *(.rel.data)
 *(.rel.data.*)
 *(.rel.gnu.linkonce.d*)

.rela.data
 *(.rela.data)
 *(.rela.data.*)
 *(.rela.gnu.linkonce.d*)

.rel.ctors
 *(.rel.ctors)

.rela.ctors
 *(.rela.ctors)

.rel.dtors
 *(.rel.dtors)

.rela.dtors
 *(.rela.dtors)

.rel.got
 *(.rel.got)

.rela.got
 *(.rela.got)

.rel.bss
 *(.rel.bss)

.rela.bss
 *(.rela.bss)

.rel.plt
 *(.rel.plt)

.rela.plt
 *(.rela.plt)

.text           0x00000000     0x602e
 *(.vectors)
 .vectors       0x00000000       0x68 C:/Program Files (x86)/Atmel/Studio/7.0/Packs/atmel/ATmega_DFP/1.7.374/gcc/dev/atmega328p/avr5/crtatmega328p.o
                0x00000000                __vector_default
                0x00000000                __vectors
 *(.vectors)
 *(.progmem.gcc*)
 .progmem.gcc_sw_table.disk_ioctl
                0x00000068       0x6e mmc_avr.o
                0x000000d6                . = ALIGN (0x2)
                0x000000d6                __trampolines_start = .
 *(.trampolines)
 .trampolines   0x000000d6        0x0 linker stubs
 *(.trampolines*)
                0x000000d6                __trampolines_end = .
 *libprintf_flt.a:*(.progmem.data)
 *libc.a:*(.progmem.data)
 *(.progmem*)
 .progmem.data.bmi270_config_file
                0x000000d6     0x2000 BMI270.o
                0x000000d6                bmi270_config_file
 .progmem.data.tbl_upper.1977
                0x000020d6      0x1e0 ccsbcs_avr.o
 .progmem.data.tbl_lower.1976
                0x000022b6      0x1e0 ccsbcs_avr.o
 .progmem.data.Tbl
                0x00002496      0x100 ccsbcs_avr.o
                0x00002596                . = ALIGN (0x2)
 *(.jumptables)
 *(.jumptables*)
 *(.lowtext)
 *(.lowtext*)
                0x00002596                __ctors_start = .
 *(.ctors)
                0x00002596                __ctors_end = .
                0x00002596                __dtors_start = .
 *(.dtors)
                0x00002596                __dtors_end = .
 SORT(*)(.ctors)
 SORT(*)(.dtors)
 *(.init0)
 .init0         0x00002596        0x0 C:/Program Files (x86)/Atmel/Studio/7.0/Packs/atmel/ATmega_DFP/1.7.374/gcc/dev/atmega328p/avr5/crtatmega328p.o
                0x00002596                __init
 *(.init0)
 *(.init1)
 *(.init1)
 *(.init2)
 .init2         0x00002596        0xc C:/Program Files (x86)/Atmel/Studio/7.0/Packs/atmel/ATmega_DFP/1.7.374/gcc/dev/atmega328p/avr5/crtatmega328p.o
 *(.init2)
 *(.init3)
 *(.init3)
 *(.init4)
 .init4         0x000025a2       0x16 c:/program files (x86)/atmel/studio/7.0/toolchain/avr8/avr8-gnu-toolchain/bin/../lib/gcc/avr/5.4.0/avr5\libgcc.a(_copy_data.o)
                0x000025a2                __do_copy_data
 .init4         0x000025b8       0x10 c:/program files (x86)/atmel/studio/7.0/toolchain/avr8/avr8-gnu-toolchain/bin/../lib/gcc/avr/5.4.0/avr5\libgcc.a(_clear_bss.o)
                0x000025b8                __do_clear_bss
 *(.init4)
 *(.init5)
 *(.init5)
 *(.init6)
 *(.init6)
 *(.init7)
 *(.init7)
 *(.init8)
 *(.init8)
 *(.init9)
 .init9         0x000025c8        0x8 C:/Program Files (x86)/Atmel/Studio/7.0/Packs/atmel/ATmega_DFP/1.7.374/gcc/dev/atmega328p/avr5/crtatmega328p.o
 *(.init9)
 *(.text)
 .text          0x000025d0        0x4 C:/Program Files (x86)/Atmel/Studio/7.0/Packs/atmel/ATmega_DFP/1.7.374/gcc/dev/atmega328p/avr5/crtatmega328p.o
                0x000025d0                __vector_22
                0x000025d0                __vector_1
                0x000025d0                __vector_24
                0x000025d0                __vector_12
                0x000025d0                __bad_interrupt
                0x000025d0                __vector_6
                0x000025d0                __vector_3
                0x000025d0                __vector_23
                0x000025d0                __vector_25
                0x000025d0                __vector_11
                0x000025d0                __vector_13
                0x000025d0                __vector_17
                0x000025d0                __vector_19
                0x000025d0                __vector_7
                0x000025d0                __vector_5
                0x000025d0                __vector_4
                0x000025d0                __vector_9
                0x000025d0                __vector_2
                0x000025d0                __vector_21
                0x000025d0                __vector_15
                0x000025d0                __vector_8
                0x000025d0                __vector_10
                0x000025d0                __vector_16
                0x000025d0                __vector_18
                0x000025d0                __vector_20
                0x000025d4                . = ALIGN (0x2)
 *(.text.*)
 .text.BME_getComp
                0x000025d4      0x22c BME280.o
 .text.BME280_config
                0x00002800       0x72 BME280.o
                0x00002800                BME280_config
 .text.BME280_getData
                0x00002872       0x94 BME280.o
                0x00002872                BME280_getData
 .text.BMI270_config
                0x00002906       0xfc BMI270.o
                0x00002906                BMI270_config
 .text.BMI270_getData
                0x00002a02       0xc4 BMI270.o
                0x00002a02                BMI270_getData
 .text.ff_convert
                0x00002ac6       0x5c ccsbcs_avr.o
                0x00002ac6                ff_convert
 .text.ff_wtoupper
                0x00002b22       0x3c ccsbcs_avr.o
                0x00002b22                ff_wtoupper
 .text.mem_cpy  0x00002b5e       0x2e ff.o
 .text.mem_set  0x00002b8c       0x14 ff.o
 .text.mem_cmp  0x00002ba0       0x3a ff.o
 .text.chk_chr  0x00002bda       0x1a ff.o
 .text.ld_clust
                0x00002bf4       0x32 ff.o
 .text.st_clust
                0x00002c26        0xc ff.o
 .text.fit_lfn  0x00002c32       0x8c ff.o
 .text.gen_numname
                0x00002cbe      0x148 ff.o
 .text.sum_sfn  0x00002e06       0x20 ff.o
 .text.get_ldnumber
                0x00002e26       0x6e ff.o
 .text.sync_window
                0x00002e94       0xcc ff.o
 .text.move_window
                0x00002f60       0x7c ff.o
 .text.check_fs
                0x00002fdc       0x78 ff.o
 .text.validate
                0x00003054       0x4a ff.o
 .text.find_volume
                0x0000309e      0x53c ff.o
 .text.create_name
                0x000035da      0x3be ff.o
 .text.cmp_lfn  0x00003998       0xf0 ff.o
 .text.sync_fs  0x00003a88       0xe4 ff.o
 .text.clust2sect
                0x00003b6c       0x50 ff.o
                0x00003b6c                clust2sect
 .text.get_fat  0x00003bbc      0x1e0 ff.o
                0x00003bbc                get_fat
 .text.dir_sdi  0x00003d9c      0x172 ff.o
 .text.put_fat  0x00003f0e      0x220 ff.o
                0x00003f0e                put_fat
 .text.create_chain
                0x0000412e      0x204 ff.o
 .text.dir_next
                0x00004332      0x26a ff.o
 .text.dir_find
                0x0000459c      0x116 ff.o
 .text.follow_path
                0x000046b2      0x11a ff.o
 .text.dir_alloc
                0x000047cc       0x74 ff.o
 .text.dir_register
                0x00004840      0x20a ff.o
 .text.remove_chain
                0x00004a4a       0xf4 ff.o
 .text.f_mount  0x00004b3e       0x94 ff.o
                0x00004b3e                f_mount
 .text.f_open   0x00004bd2      0x22e ff.o
                0x00004bd2                f_open
 .text.f_write  0x00004e00      0x3f2 ff.o
                0x00004e00                f_write
 .text.f_sync   0x000051f2       0x88 ff.o
                0x000051f2                f_sync
 .text.f_close  0x0000527a       0x22 ff.o
                0x0000527a                f_close
 .text.main     0x0000529c      0x174 main.o
                0x0000529c                main
 .text.power_on
                0x00005410       0x12 mmc_avr.o
 .text.power_off
                0x00005422        0x8 mmc_avr.o
 .text.xchg_spi
                0x0000542a        0xc mmc_avr.o
 .text.xmit_spi_multi
                0x00005436       0x28 mmc_avr.o
 .text.rcvr_spi_multi
                0x0000545e       0x30 mmc_avr.o
 .text.wait_ready
                0x0000548e       0x3a mmc_avr.o
 .text.deselect
                0x000054c8        0xe mmc_avr.o
 .text.select   0x000054d6       0x30 mmc_avr.o
 .text.rcvr_datablock
                0x00005506       0x50 mmc_avr.o
 .text.xmit_datablock
                0x00005556       0x5a mmc_avr.o
 .text.send_cmd
                0x000055b0       0x98 mmc_avr.o
 .text.disk_initialize
                0x00005648      0x1a0 mmc_avr.o
                0x00005648                disk_initialize
 .text.disk_status
                0x000057e8        0xe mmc_avr.o
                0x000057e8                disk_status
 .text.disk_read
                0x000057f6       0xac mmc_avr.o
                0x000057f6                disk_read
 .text.disk_write
                0x000058a2       0xe8 mmc_avr.o
                0x000058a2                disk_write
 .text.disk_ioctl
                0x0000598a      0x386 mmc_avr.o
                0x0000598a                disk_ioctl
 .text.I2C_MasterInit
                0x00005d10       0x12 my_I2C.o
                0x00005d10                I2C_MasterInit
 .text.I2C_start
                0x00005d22       0x10 my_I2C.o
                0x00005d22                I2C_start
 .text.I2C_stop
                0x00005d32        0x8 my_I2C.o
                0x00005d32                I2C_stop
 .text.I2C_MasterTransmitAddress
                0x00005d3a       0x26 my_I2C.o
                0x00005d3a                I2C_MasterTransmitAddress
 .text.I2C_MasterTransmitData
                0x00005d60       0x14 my_I2C.o
                0x00005d60                I2C_MasterTransmitData
 .text.I2C_MasterReceiveData
                0x00005d74       0x28 my_I2C.o
                0x00005d74                I2C_MasterReceiveData
 .text.I2C_MasterTransmitByte
                0x00005d9c       0x2a my_I2C.o
                0x00005d9c                I2C_MasterTransmitByte
 .text.I2C_MasterReceiveByte
                0x00005dc6       0x2c my_I2C.o
                0x00005dc6                I2C_MasterReceiveByte
 .text.init_sd_card
                0x00005df2       0xe8 SDcard.o
                0x00005df2                init_sd_card
 .text.SD_sample_write
                0x00005eda       0x3a SDcard.o
                0x00005eda                SD_sample_write
 .text.fileSync
                0x00005f14        0xa SDcard.o
                0x00005f14                fileSync
 .text.fileClose
                0x00005f1e        0xa SDcard.o
                0x00005f1e                fileClose
 .text.get_fattime
                0x00005f28        0x8 SDcard.o
                0x00005f28                get_fattime
 .text.TIM0_init
                0x00005f30       0x16 timer.o
                0x00005f30                TIM0_init
 .text.__vector_14
                0x00005f46       0x4a timer.o
                0x00005f46                __vector_14
 .text.timestamp
                0x00005f90       0x16 timer.o
                0x00005f90                timestamp
 .text.libgcc.div
                0x00005fa6       0x44 c:/program files (x86)/atmel/studio/7.0/toolchain/avr8/avr8-gnu-toolchain/bin/../lib/gcc/avr/5.4.0/avr5\libgcc.a(_udivmodsi4.o)
                0x00005fa6                __udivmodsi4
 .text.libgcc   0x00005fea        0xc c:/program files (x86)/atmel/studio/7.0/toolchain/avr8/avr8-gnu-toolchain/bin/../lib/gcc/avr/5.4.0/avr5\libgcc.a(_tablejump2.o)
                0x00005fea                __tablejump2__
 .text.libgcc.mul
                0x00005ff6       0x1e c:/program files (x86)/atmel/studio/7.0/toolchain/avr8/avr8-gnu-toolchain/bin/../lib/gcc/avr/5.4.0/avr5\libgcc.a(_umulhisi3.o)
                0x00005ff6                __umulhisi3
 .text.libgcc.mul
                0x00006014       0x16 c:/program files (x86)/atmel/studio/7.0/toolchain/avr8/avr8-gnu-toolchain/bin/../lib/gcc/avr/5.4.0/avr5\libgcc.a(_muluhisi3.o)
                0x00006014                __muluhisi3
                0x0000602a                . = ALIGN (0x2)
 *(.fini9)
 .fini9         0x0000602a        0x0 c:/program files (x86)/atmel/studio/7.0/toolchain/avr8/avr8-gnu-toolchain/bin/../lib/gcc/avr/5.4.0/avr5\libgcc.a(_exit.o)
                0x0000602a                _exit
                0x0000602a                exit
 *(.fini9)
 *(.fini8)
 *(.fini8)
 *(.fini7)
 *(.fini7)
 *(.fini6)
 *(.fini6)
 *(.fini5)
 *(.fini5)
 *(.fini4)
 *(.fini4)
 *(.fini3)
 *(.fini3)
 *(.fini2)
 *(.fini2)
 *(.fini1)
 *(.fini1)
 *(.fini0)
 .fini0         0x0000602a        0x4 c:/program files (x86)/atmel/studio/7.0/toolchain/avr8/avr8-gnu-toolchain/bin/../lib/gcc/avr/5.4.0/avr5\libgcc.a(_exit.o)
 *(.fini0)
                0x0000602e                _etext = .

.data           0x00800100       0xfe load address 0x0000602e
                0x00800100                PROVIDE (__data_start, .)
 *(.data)
 *(.data*)
 .data.isLogging.1809
                0x00800100        0x1 main.o
 .data.Stat     0x00800101        0x1 mmc_avr.o
 *(.gnu.linkonce.d*)
 *(.rodata)
 *(.rodata*)
 .rodata.str1.1
                0x00800102       0x54 ff.o
 .rodata.LfnOfs
                0x00800156        0xd ff.o
 .rodata.ExCvt  0x00800163       0x80 ff.o
 .rodata.str1.1
                0x008001e3       0x1a SDcard.o
                                 0x1b (size before relaxing)
 *(.gnu.linkonce.r*)
                0x008001fe                . = ALIGN (0x2)
 *fill*         0x008001fd        0x1 
                0x008001fe                _edata = .
                0x008001fe                PROVIDE (__data_end, .)

.bss            0x008001fe      0x588
                0x008001fe                PROVIDE (__bss_start, .)
 *(.bss)
 *(.bss*)
 .bss.LfnBuf    0x008001fe      0x102 ff.o
 .bss.CurrVol   0x00800300        0x1 ff.o
 .bss.Fsid      0x00800301        0x2 ff.o
 .bss.FatFs     0x00800303        0x4 ff.o
 .bss.logCounts.1808
                0x00800307        0x4 main.o
 .bss.index.1807
                0x0080030b        0x1 main.o
 .bss.CardType  0x0080030c        0x1 mmc_avr.o
 .bss.Timer2    0x0080030d        0x1 mmc_avr.o
 .bss.Timer1    0x0080030e        0x1 mmc_avr.o
 .bss.timerTicks
                0x0080030f        0x4 timer.o
 *(COMMON)
 COMMON         0x00800313      0x221 main.o
                0x00800313                data
                0x00800513                calibData
 COMMON         0x00800534      0x252 SDcard.o
                0x00800534                fp
                0x00800554                fs
                0x00800786                PROVIDE (__bss_end, .)
                0x0000602e                __data_load_start = LOADADDR (.data)
                0x0000612c                __data_load_end = (__data_load_start + SIZEOF (.data))

.noinit         0x00800786        0x0
                [!provide]                PROVIDE (__noinit_start, .)
 *(.noinit*)
                [!provide]                PROVIDE (__noinit_end, .)
                0x00800786                _end = .
                [!provide]                PROVIDE (__heap_start, .)

.eeprom         0x00810000        0x0
 *(.eeprom*)
                0x00810000                __eeprom_end = .

.fuse
 *(.fuse)
 *(.lfuse)
 *(.hfuse)
 *(.efuse)

.lock
 *(.lock*)

.signature
 *(.signature*)

.user_signatures
 *(.user_signatures*)

.stab
 *(.stab)

.stabstr
 *(.stabstr)

.stab.excl
 *(.stab.excl)

.stab.exclstr
 *(.stab.exclstr)

.stab.index
 *(.stab.index)

.stab.indexstr
 *(.stab.indexstr)

.comment        0x00000000       0x30
 *(.comment)
 .comment       0x00000000       0x30 BME280.o
                                 0x31 (size before relaxing)
 .comment       0x00000030       0x31 BMI270.o
 .comment       0x00000030       0x31 ccsbcs_avr.o
 .comment       0x00000030       0x31 ff.o
 .comment       0x00000030       0x31 main.o
 .comment       0x00000030       0x31 mmc_avr.o
 .comment       0x00000030       0x31 my_I2C.o
 .comment       0x00000030       0x31 SDcard.o
 .comment       0x00000030       0x31 timer.o

.note.gnu.avr.deviceinfo
                0x00000000       0x40
 .note.gnu.avr.deviceinfo
                0x00000000       0x40 C:/Program Files (x86)/Atmel/Studio/7.0/Packs/atmel/ATmega_DFP/1.7.374/gcc/dev/atmega328p/avr5/crtatmega328p.o

.note.gnu.build-id
 *(.note.gnu.build-id)

.debug
 *(.debug)

.line
 *(.line)

.debug_srcinfo
 *(.debug_srcinfo)

.debug_sfnames
 *(.debug_sfnames)

.debug_aranges  0x00000000      0x410
 *(.debug_aranges)
 .debug_aranges
                0x00000000       0x30 BME280.o
 .debug_aranges
                0x00000030       0x28 BMI270.o
 .debug_aranges
                0x00000058       0x28 ccsbcs_avr.o
 .debug_aranges
                0x00000080      0x208 ff.o
 .debug_aranges
                0x00000288       0x20 main.o
 .debug_aranges
                0x000002a8       0xa0 mmc_avr.o
 .debug_aranges
                0x00000348       0x58 my_I2C.o
 .debug_aranges
                0x000003a0       0x40 SDcard.o
 .debug_aranges
                0x000003e0       0x30 timer.o

.debug_pubnames
 *(.debug_pubnames)

.debug_info     0x00000000     0x7a11
 *(.debug_info .gnu.linkonce.wi.*)
 .debug_info    0x00000000      0x5f4 C:/Program Files (x86)/Atmel/Studio/7.0/Packs/atmel/ATmega_DFP/1.7.374/gcc/dev/atmega328p/avr5/crtatmega328p.o
 .debug_info    0x000005f4      0x85d BME280.o
 .debug_info    0x00000e51      0x6c3 BMI270.o
 .debug_info    0x00001514      0x274 ccsbcs_avr.o
 .debug_info    0x00001788     0x445e ff.o
 .debug_info    0x00005be6      0x575 main.o
 .debug_info    0x0000615b      0xc99 mmc_avr.o
 .debug_info    0x00006df4      0x25e my_I2C.o
 .debug_info    0x00007052      0x8ce SDcard.o
 .debug_info    0x00007920       0xf1 timer.o

.debug_abbrev   0x00000000     0x12fb
 *(.debug_abbrev)
 .debug_abbrev  0x00000000      0x5a2 C:/Program Files (x86)/Atmel/Studio/7.0/Packs/atmel/ATmega_DFP/1.7.374/gcc/dev/atmega328p/avr5/crtatmega328p.o
 .debug_abbrev  0x000005a2      0x14c BME280.o
 .debug_abbrev  0x000006ee      0x1a1 BMI270.o
 .debug_abbrev  0x0000088f       0xe9 ccsbcs_avr.o
 .debug_abbrev  0x00000978      0x25c ff.o
 .debug_abbrev  0x00000bd4      0x193 main.o
 .debug_abbrev  0x00000d67      0x214 mmc_avr.o
 .debug_abbrev  0x00000f7b      0x10c my_I2C.o
 .debug_abbrev  0x00001087      0x1d9 SDcard.o
 .debug_abbrev  0x00001260       0x9b timer.o

.debug_line     0x00000000     0x4a9f
 *(.debug_line .debug_line.* .debug_line_end)
 .debug_line    0x00000000      0x134 C:/Program Files (x86)/Atmel/Studio/7.0/Packs/atmel/ATmega_DFP/1.7.374/gcc/dev/atmega328p/avr5/crtatmega328p.o
 .debug_line    0x00000134      0x25a BME280.o
 .debug_line    0x0000038e      0x24a BMI270.o
 .debug_line    0x000005d8      0x140 ccsbcs_avr.o
 .debug_line    0x00000718     0x3389 ff.o
 .debug_line    0x00003aa1      0x224 main.o
 .debug_line    0x00003cc5      0x8a7 mmc_avr.o
 .debug_line    0x0000456c      0x1fe my_I2C.o
 .debug_line    0x0000476a      0x233 SDcard.o
 .debug_line    0x0000499d      0x102 timer.o

.debug_frame    0x00000000     0x131c
 *(.debug_frame)
 .debug_frame   0x00000000       0x74 BME280.o
 .debug_frame   0x00000074       0x50 BMI270.o
 .debug_frame   0x000000c4       0x34 ccsbcs_avr.o
 .debug_frame   0x000000f8      0xe58 ff.o
 .debug_frame   0x00000f50       0x24 main.o
 .debug_frame   0x00000f74      0x204 mmc_avr.o
 .debug_frame   0x00001178       0xb0 my_I2C.o
 .debug_frame   0x00001228       0x90 SDcard.o
 .debug_frame   0x000012b8       0x64 timer.o

.debug_str      0x00000000      0xded
 *(.debug_str)
 .debug_str     0x00000000      0x208 C:/Program Files (x86)/Atmel/Studio/7.0/Packs/atmel/ATmega_DFP/1.7.374/gcc/dev/atmega328p/avr5/crtatmega328p.o
 .debug_str     0x00000208      0x2ec BME280.o
                                0x339 (size before relaxing)
 .debug_str     0x000004f4       0xbf BMI270.o
                                0x32d (size before relaxing)
 .debug_str     0x000005b3       0x65 ccsbcs_avr.o
                                0x203 (size before relaxing)
 .debug_str     0x00000618      0x60c ff.o
                                0x82a (size before relaxing)
 .debug_str     0x00000c24       0x7d main.o
                                0x3aa (size before relaxing)
 .debug_str     0x00000ca1       0xc8 mmc_avr.o
                                0x313 (size before relaxing)
 .debug_str     0x00000d69       0x40 my_I2C.o
                                0x242 (size before relaxing)
 .debug_str     0x00000da9       0x16 SDcard.o
                                0x55d (size before relaxing)
 .debug_str     0x00000dbf       0x2e timer.o
                                0x1c8 (size before relaxing)

.debug_loc      0x00000000     0x8f2d
 *(.debug_loc)
 .debug_loc     0x00000000      0x234 BME280.o
 .debug_loc     0x00000234      0x2a1 BMI270.o
 .debug_loc     0x000004d5      0x1c6 ccsbcs_avr.o
 .debug_loc     0x0000069b     0x7661 ff.o
 .debug_loc     0x00007cfc       0x8e main.o
 .debug_loc     0x00007d8a      0xcc2 mmc_avr.o
 .debug_loc     0x00008a4c      0x1eb my_I2C.o
 .debug_loc     0x00008c37      0x293 SDcard.o
 .debug_loc     0x00008eca       0x63 timer.o

.debug_macinfo
 *(.debug_macinfo)

.debug_weaknames
 *(.debug_weaknames)

.debug_funcnames
 *(.debug_funcnames)

.debug_typenames
 *(.debug_typenames)

.debug_varnames
 *(.debug_varnames)

.debug_pubtypes
 *(.debug_pubtypes)

.debug_ranges   0x00000000      0x380
 *(.debug_ranges)
 .debug_ranges  0x00000000       0x20 BME280.o
 .debug_ranges  0x00000020       0x18 BMI270.o
 .debug_ranges  0x00000038       0x18 ccsbcs_avr.o
 .debug_ranges  0x00000050      0x1f8 ff.o
 .debug_ranges  0x00000248       0x10 main.o
 .debug_ranges  0x00000258       0x90 mmc_avr.o
 .debug_ranges  0x000002e8       0x48 my_I2C.o
 .debug_ranges  0x00000330       0x30 SDcard.o
 .debug_ranges  0x00000360       0x20 timer.o

.debug_macro
 *(.debug_macro)
OUTPUT(Y2S2-LaunchDay-Code.elf elf32-avr)
LOAD linker stubs
